C51 COMPILER V9.00   TC35                                                                  03/31/2013 17:13:31 PAGE 1   


C51 COMPILER V9.00, COMPILATION OF MODULE TC35
OBJECT MODULE PLACED IN tc35.OBJ
COMPILER INVOKED BY: D:\Program Files\Keil C\C51\BIN\C51.EXE tc35.c BROWSE DEBUG OBJECTEXTEND

line level    source

   1          
   2          /*******************************定义字符数组********************************/
   3          
   4          code uchar ATE0[]="ATE0\r\n";                      //程序初始化AT部分首先关闭回显
*** ERROR C129 IN LINE 4 OF TC35.C: missing ';' before 'ATE0'
   5          code uchar CREG_CMD[]="AT+CREG?\r\n";      //查询网络注册情况
   6          code uchar SMS_send[]="AT+CMGS=18\r\n";    //八位位组代码数目
   7          code uchar ATCN[]="AT+CNMI=2,1\r\n";       //短信存入SIM卡
   8          code uchar CMGF[]="AT+CMGF=0\r\n";                 //消息格式为PDU,中文短信
   9          code uchar CMGR[12]="AT+CMGR=1\r\n";       //读取第一条消息
  10          code uchar CMGD[12]="AT+CMGD=1\r\n";       //删除第一条消息
  11          
  12          /*****************************************************************************
  13          1.如果你的晶振是11.0592M
  14          只需要修改下面的号码就可以了,给成你手上拿着的手机的号码
  15          
  16          
  17          修改方法   在下面这段字符中找到 5129021411F5 
  18           
  19           其实5129021411F5 --> 15922041115
  20          18622044083 8126924480F3
  21          
  22          
  23           看明白了吗  电话是两位两位颠倒 将您手上的手机号码替换即可
  24          *****************************************************************************/
  25          uchar  code Sms2_Pdu[]="0891683108200205F011000B818126924480F30008A704521B601D";
  26          
  27          /*****************************************************************************
  28          函数名称：AT
  29          函数功能：初始化TC35模块
  30          入口参数: 无    
  31          出口参数：无
  32          *****************************************************************************/
  33          
  34          void AT(void)
  35          {
  36                  
  37                  clearBuff();
  38              Print_Str(ATE0);
  39              delay(50);
  40          
  41                  while(strstr(aa,"OK")==NULL)
  42              {
  43                  delay(50);
  44                  led(0x01);
  45                  clearBuff();
  46                  Print_Str(ATE0);
  47              }
  48                  led(0x02);
  49          
  50                  Print_Str(ATCN);
  51                  delay(50);
  52          
  53                  Print_Str(CMGF);
  54                  delay(100);
C51 COMPILER V9.00   TC35                                                                  03/31/2013 17:13:31 PAGE 2   

  55          
  56                  while(1)
  57              {
  58                  clearBuff();
  59                  Print_Str(CREG_CMD);
  60                  delay(50);
  61                  if(((aa[9]=='0')&&(aa[11]=='1'))||((aa[9]=='0')&&(aa[11]=='5')))
  62                  {
  63                      clearBuff();
  64                      led(0x08);
  65                      break;
  66                  }
  67                  else
  68                  {
  69                      clearBuff();
  70                      led(0x04);
  71                      delay(50);
  72                  }
  73                  }
  74          }

C51 COMPILATION COMPLETE.  0 WARNING(S),  1 ERROR(S)
